1) Синтаксическая ошибка: Язык должен начинаться словом "Start", найден "{start_token.value}"' if start_token else 'Синтаксическая ошибка: Язык должен начинаться словом "Start"'
2) 'Синтаксическая ошибка: Язык должен заканчиваться словом "End", найден "{next_token.value}"'
3) 'Синтаксическая ошибка: Язык должен заканчиваться словом "End", найден "{end_token.value}"' if end_token else 'Синтаксическая ошибка: Язык должен заканчиваться словом "End"'
4) 'Синтаксическая ошибка: Не обнаружен блок Множ. Блок Множ должен начинаться со слова "Array", найден "{next_token.value}"' if next_token else 'Синтаксическая ошибка: Не обнаружен блок Звено. Блок Множ должен начинаться со слова "Array"'
5) 'Синтаксическая ошибка: Не обнаружен блок Окончание. Отсутствует переменная' if next_token else 'Синтаксическая ошибка: Не обнаружен блок Окончание. Отсутствует переменная'

! Числа (восьмеричная арифметика): цифра - это от 0 до 7, цел - это целые числа, т.е. множество цифр (например: 76, 561, 3000 и тд), вещ - вещественные числа, т. е. цел.цел (например: 7.6, 5.61, 3000.123 и тд), компл - комплексные числа, т. е. вещ,вещ (например: 7.6,1.7, 35.5,6.1, 0.3,0.007 и тд)
6) 'Неверный формат целого числа "{token.value}" (ожидались восьмеричные цифры от 0 до 7 включительно)' (это относится и к вещ, и к компл)
7) 'Неверный формат вещественного числа, после "." ожидалось цел'
8) 'Неверный формат вещественного числа, перед "." ожидалось цел'
9) 'Неверный формат комплексного числа, после "," ожидалось вещ'
10) 'Неверный формат комплексного числа, перед "," ожидалось вещ'

! ошибки связанные с блоком Окончание
11) 'Переменная {assign_variable_token.value} не объявлена'
12) 'Синтаксическая ошибка: переменная должна именоваться так: "буква буква цифра цифра цифра"'
13) 'Синтаксическая ошибка: Отсутствует "=" после переменной "{assign_variable_token.value}"'
14) 'Синтаксическая ошибка: В конце Окончание не может стоять арифметический оператор "{operator_token.value}".'
15) 'Синтаксическая ошибка: Не могут следовать два оператора подряд ("{operator_token.value}" и "{next_token.value}").'
16) 'Ошибка: деление на ноль', error_start, error_end
17) 'Синтаксическая ошибка: Отсутствует оператор между "{token.value}" и "{next_token.value}"', token.end, next_token.start
18) Ошибка, связанная с тем, что по Языку блок Окончание может быть только 1 раз. Пример:
Start
Array 4 5.7 5 6.4,0.1
Array -7.7 0 -6.4,0.1
Array 100000000
lo001 = [4 + -7.7] * 6.4,0.1
End

! ошибки связанные с квадратными скобками []
19) ошибка, связанная с тем, что вложенность больше 2, т. е. [[[]]] и тд, помоги её как-то обозвать
20) отсутствует открывающая скобка
21) отсутствует закрывающая скобка
22) использование любых других скобок {} ()